ffmpeg version 4.2.7-0ubuntu0.1 Copyright (c) 2000-2022 the FFmpeg developers
  built with gcc 9 (Ubuntu 9.4.0-1ubuntu1~20.04.1)
  configuration: --prefix=/usr --extra-version=0ubuntu0.1 --toolchain=hardened --libdir=/usr/lib/x86_64-linux-gnu --incdir=/usr/include/x86_64-linux-gnu --arch=amd64 --enable-gpl --disable-stripping --enable-avresample --disable-filter=resample --enable-avisynth --enable-gnutls --enable-ladspa --enable-libaom --enable-libass --enable-libbluray --enable-libbs2b --enable-libcaca --enable-libcdio --enable-libcodec2 --enable-libflite --enable-libfontconfig --enable-libfreetype --enable-libfribidi --enable-libgme --enable-libgsm --enable-libjack --enable-libmp3lame --enable-libmysofa --enable-libopenjpeg --enable-libopenmpt --enable-libopus --enable-libpulse --enable-librsvg --enable-librubberband --enable-libshine --enable-libsnappy --enable-libsoxr --enable-libspeex --enable-libssh --enable-libtheora --enable-libtwolame --enable-libvidstab --enable-libvorbis --enable-libvpx --enable-libwavpack --enable-libwebp --enable-libx265 --enable-libxml2 --enable-libxvid --enable-libzmq --enable-libzvbi --enable-lv2 --enable-omx --enable-openal --enable-opencl --enable-opengl --enable-sdl2 --enable-libdc1394 --enable-libdrm --enable-libiec61883 --enable-nvenc --enable-chromaprint --enable-frei0r --enable-libx264 --enable-shared
  libavutil      56. 31.100 / 56. 31.100
  libavcodec     58. 54.100 / 58. 54.100
  libavformat    58. 29.100 / 58. 29.100
  libavdevice    58.  8.100 / 58.  8.100
  libavfilter     7. 57.100 /  7. 57.100
  libavresample   4.  0.  0 /  4.  0.  0
  libswscale      5.  5.100 /  5.  5.100
  libswresample   3.  5.100 /  3.  5.100
  libpostproc    55.  5.100 / 55.  5.100
Input #0, mov,mp4,m4a,3gp,3g2,mj2, from './policy_view_videos/11/exp_t=60.04_success:n.mp4':
  Metadata:
    major_brand     : isom
    minor_version   : 512
    compatible_brands: isomiso2mp41
    encoder         : Lavf58.29.100
  Duration: 00:00:27.70, start: 0.000000, bitrate: 2486 kb/s
    Stream #0:0(und): Video: mpeg4 (Simple Profile) (mp4v / 0x7634706D), yuv420p, 640x360 [SAR 1:1 DAR 16:9], 2485 kb/s, 30 fps, 30 tbr, 15360 tbn, 30 tbc (default)
    Metadata:
      handler_name    : VideoHandler
Stream mapping:
  Stream #0:0 -> #0:0 (mpeg4 (native) -> h264 (libx264))
[libx264 @ 0x558ed1aa1d80] using SAR=1/1
[libx264 @ 0x558ed1aa1d80] using cpu capabilities: MMX2 SSE2Fast SSSE3 SSE4.2 AVX FMA3 BMI2 AVX2
[libx264 @ 0x558ed1aa1d80] profile High, level 3.0
[libx264 @ 0x558ed1aa1d80] 264 - core 155 r2917 0a84d98 - H.264/MPEG-4 AVC codec - Copyleft 2003-2018 - http://www.videolan.org/x264.html - options: cabac=1 ref=3 deblock=1:0:0 analyse=0x3:0x113 me=hex subme=7 psy=1 psy_rd=1.00:0.00 mixed_ref=1 me_range=16 chroma_me=1 trellis=1 8x8dct=1 cqm=0 deadzone=21,11 fast_pskip=1 chroma_qp_offset=-2 threads=11 lookahead_threads=1 sliced_threads=0 nr=0 decimate=1 interlaced=0 bluray_compat=0 constrained_intra=0 bframes=3 b_pyramid=2 b_adapt=1 b_bias=0 direct=1 weightb=1 open_gop=0 weightp=2 keyint=250 keyint_min=25 scenecut=40 intra_refresh=0 rc_lookahead=40 rc=crf mbtree=1 crf=23.0 qcomp=0.60 qpmin=0 qpmax=69 qpstep=4 ip_ratio=1.40 aq=1:1.00
Output #0, mp4, to './policy_view_videos/11/exp_t=60.04_success:n_converted.mp4':
  Metadata:
    major_brand     : isom
    minor_version   : 512
    compatible_brands: isomiso2mp41
    encoder         : Lavf58.29.100
    Stream #0:0(und): Video: h264 (libx264) (avc1 / 0x31637661), yuv420p, 640x360 [SAR 1:1 DAR 16:9], q=-1--1, 30 fps, 15360 tbn, 30 tbc (default)
    Metadata:
      handler_name    : VideoHandler
      encoder         : Lavc58.54.100 libx264
    Side data:
      cpb: bitrate max/min/avg: 0/0/0 buffer size: 0 vbv_delay: -1
frame=  280 fps=0.0 q=29.0 size=     512kB time=00:00:07.40 bitrate= 566.8kbits/s speed=14.8x    frame=  536 fps=532 q=29.0 size=    1024kB time=00:00:15.93 bitrate= 526.5kbits/s speed=15.8x    frame=  782 fps=518 q=29.0 size=    1536kB time=00:00:24.13 bitrate= 521.4kbits/s speed=  16x    [mp4 @ 0x558ed1ac4040] Starting second pass: moving the moov atom to the beginning of the file
frame=  831 fps=494 q=-1.0 Lsize=    1872kB time=00:00:27.60 bitrate= 555.6kbits/s speed=16.4x    
video:1863kB audio:0kB subtitle:0kB other streams:0kB global headers:0kB muxing overhead: 0.444660%
[libx264 @ 0x558ed1aa1d80] frame I:4     Avg QP:20.65  size: 33407
[libx264 @ 0x558ed1aa1d80] frame P:504   Avg QP:23.25  size:  3146
[libx264 @ 0x558ed1aa1d80] frame B:323   Avg QP:27.10  size:   583
[libx264 @ 0x558ed1aa1d80] consecutive B-frames: 43.7%  9.4% 12.3% 34.7%
[libx264 @ 0x558ed1aa1d80] mb I  I16..4:  7.1% 71.4% 21.4%
[libx264 @ 0x558ed1aa1d80] mb P  I16..4:  0.3%  1.6%  0.1%  P16..4: 33.6%  7.7%  7.4%  0.0%  0.0%    skip:49.3%
[libx264 @ 0x558ed1aa1d80] mb B  I16..4:  0.2%  0.9%  0.0%  B16..8: 24.1%  1.9%  0.6%  direct: 0.6%  skip:71.7%  L0:44.3% L1:51.6% BI: 4.1%
[libx264 @ 0x558ed1aa1d80] 8x8 transform intra:78.7% inter:71.6%
[libx264 @ 0x558ed1aa1d80] coded y,uvDC,uvAC intra: 58.5% 53.2% 8.0% inter: 11.3% 9.4% 0.6%
[libx264 @ 0x558ed1aa1d80] i16 v,h,dc,p: 19% 19% 37% 26%
[libx264 @ 0x558ed1aa1d80] i8 v,h,dc,ddl,ddr,vr,hd,vl,hu: 17% 14% 51%  3%  3%  3%  3%  2%  4%
[libx264 @ 0x558ed1aa1d80] i4 v,h,dc,ddl,ddr,vr,hd,vl,hu: 17% 15% 14%  8%  8% 11%  9%  6% 12%
[libx264 @ 0x558ed1aa1d80] i8c dc,h,v,p: 52% 24% 22%  2%
[libx264 @ 0x558ed1aa1d80] Weighted P-Frames: Y:0.0% UV:0.0%
[libx264 @ 0x558ed1aa1d80] ref P L0: 72.5% 10.5% 11.8%  5.1%
[libx264 @ 0x558ed1aa1d80] ref B L0: 88.1%  9.1%  2.8%
[libx264 @ 0x558ed1aa1d80] ref B L1: 97.4%  2.6%
[libx264 @ 0x558ed1aa1d80] kb/s:550.91
