ffmpeg version 4.2.7-0ubuntu0.1 Copyright (c) 2000-2022 the FFmpeg developers
  built with gcc 9 (Ubuntu 9.4.0-1ubuntu1~20.04.1)
  configuration: --prefix=/usr --extra-version=0ubuntu0.1 --toolchain=hardened --libdir=/usr/lib/x86_64-linux-gnu --incdir=/usr/include/x86_64-linux-gnu --arch=amd64 --enable-gpl --disable-stripping --enable-avresample --disable-filter=resample --enable-avisynth --enable-gnutls --enable-ladspa --enable-libaom --enable-libass --enable-libbluray --enable-libbs2b --enable-libcaca --enable-libcdio --enable-libcodec2 --enable-libflite --enable-libfontconfig --enable-libfreetype --enable-libfribidi --enable-libgme --enable-libgsm --enable-libjack --enable-libmp3lame --enable-libmysofa --enable-libopenjpeg --enable-libopenmpt --enable-libopus --enable-libpulse --enable-librsvg --enable-librubberband --enable-libshine --enable-libsnappy --enable-libsoxr --enable-libspeex --enable-libssh --enable-libtheora --enable-libtwolame --enable-libvidstab --enable-libvorbis --enable-libvpx --enable-libwavpack --enable-libwebp --enable-libx265 --enable-libxml2 --enable-libxvid --enable-libzmq --enable-libzvbi --enable-lv2 --enable-omx --enable-openal --enable-opencl --enable-opengl --enable-sdl2 --enable-libdc1394 --enable-libdrm --enable-libiec61883 --enable-nvenc --enable-chromaprint --enable-frei0r --enable-libx264 --enable-shared
  libavutil      56. 31.100 / 56. 31.100
  libavcodec     58. 54.100 / 58. 54.100
  libavformat    58. 29.100 / 58. 29.100
  libavdevice    58.  8.100 / 58.  8.100
  libavfilter     7. 57.100 /  7. 57.100
  libavresample   4.  0.  0 /  4.  0.  0
  libswscale      5.  5.100 /  5.  5.100
  libswresample   3.  5.100 /  3.  5.100
  libpostproc    55.  5.100 / 55.  5.100
Input #0, mov,mp4,m4a,3gp,3g2,mj2, from './policy_view_videos/18/exp_t=7.76_success:y.mp4':
  Metadata:
    major_brand     : isom
    minor_version   : 512
    compatible_brands: isomiso2mp41
    encoder         : Lavf58.29.100
  Duration: 00:00:03.63, start: 0.000000, bitrate: 2720 kb/s
    Stream #0:0(und): Video: mpeg4 (Simple Profile) (mp4v / 0x7634706D), yuv420p, 640x360 [SAR 1:1 DAR 16:9], 2718 kb/s, 30 fps, 30 tbr, 15360 tbn, 30 tbc (default)
    Metadata:
      handler_name    : VideoHandler
Stream mapping:
  Stream #0:0 -> #0:0 (mpeg4 (native) -> h264 (libx264))
[libx264 @ 0x56378440d100] using SAR=1/1
[libx264 @ 0x56378440d100] using cpu capabilities: MMX2 SSE2Fast SSSE3 SSE4.2 AVX FMA3 BMI2 AVX2
[libx264 @ 0x56378440d100] profile High, level 3.0
[libx264 @ 0x56378440d100] 264 - core 155 r2917 0a84d98 - H.264/MPEG-4 AVC codec - Copyleft 2003-2018 - http://www.videolan.org/x264.html - options: cabac=1 ref=3 deblock=1:0:0 analyse=0x3:0x113 me=hex subme=7 psy=1 psy_rd=1.00:0.00 mixed_ref=1 me_range=16 chroma_me=1 trellis=1 8x8dct=1 cqm=0 deadzone=21,11 fast_pskip=1 chroma_qp_offset=-2 threads=11 lookahead_threads=1 sliced_threads=0 nr=0 decimate=1 interlaced=0 bluray_compat=0 constrained_intra=0 bframes=3 b_pyramid=2 b_adapt=1 b_bias=0 direct=1 weightb=1 open_gop=0 weightp=2 keyint=250 keyint_min=25 scenecut=40 intra_refresh=0 rc_lookahead=40 rc=crf mbtree=1 crf=23.0 qcomp=0.60 qpmin=0 qpmax=69 qpstep=4 ip_ratio=1.40 aq=1:1.00
Output #0, mp4, to './policy_view_videos/18/exp_t=7.76_success:y_converted.mp4':
  Metadata:
    major_brand     : isom
    minor_version   : 512
    compatible_brands: isomiso2mp41
    encoder         : Lavf58.29.100
    Stream #0:0(und): Video: h264 (libx264) (avc1 / 0x31637661), yuv420p, 640x360 [SAR 1:1 DAR 16:9], q=-1--1, 30 fps, 15360 tbn, 30 tbc (default)
    Metadata:
      handler_name    : VideoHandler
      encoder         : Lavc58.54.100 libx264
    Side data:
      cpb: bitrate max/min/avg: 0/0/0 buffer size: 0 vbv_delay: -1
[mp4 @ 0x56378440efc0] Starting second pass: moving the moov atom to the beginning of the file
frame=  109 fps=0.0 q=-1.0 Lsize=     264kB time=00:00:03.53 bitrate= 612.5kbits/s speed=13.4x    
video:262kB audio:0kB subtitle:0kB other streams:0kB global headers:0kB muxing overhead: 0.670189%
[libx264 @ 0x56378440d100] frame I:1     Avg QP:22.90  size: 26474
[libx264 @ 0x56378440d100] frame P:74    Avg QP:23.70  size:  2983
[libx264 @ 0x56378440d100] frame B:34    Avg QP:27.02  size:   612
[libx264 @ 0x56378440d100] consecutive B-frames: 52.3% 16.5%  5.5% 25.7%
[libx264 @ 0x56378440d100] mb I  I16..4: 11.1% 82.4%  6.5%
[libx264 @ 0x56378440d100] mb P  I16..4:  0.3%  1.3%  0.1%  P16..4: 32.4%  6.4%  6.7%  0.0%  0.0%    skip:52.8%
[libx264 @ 0x56378440d100] mb B  I16..4:  0.2%  0.7%  0.0%  B16..8: 27.1%  1.9%  0.6%  direct: 0.5%  skip:68.9%  L0:38.1% L1:57.5% BI: 4.4%
[libx264 @ 0x56378440d100] 8x8 transform intra:80.1% inter:72.8%
[libx264 @ 0x56378440d100] coded y,uvDC,uvAC intra: 61.0% 55.1% 11.0% inter: 12.4% 10.3% 0.9%
[libx264 @ 0x56378440d100] i16 v,h,dc,p: 18% 23% 39% 20%
[libx264 @ 0x56378440d100] i8 v,h,dc,ddl,ddr,vr,hd,vl,hu: 16% 15% 48%  4%  2%  4%  3%  2%  6%
[libx264 @ 0x56378440d100] i4 v,h,dc,ddl,ddr,vr,hd,vl,hu: 18% 17% 17%  8%  7% 10%  8%  6% 10%
[libx264 @ 0x56378440d100] i8c dc,h,v,p: 49% 26% 23%  2%
[libx264 @ 0x56378440d100] Weighted P-Frames: Y:0.0% UV:0.0%
[libx264 @ 0x56378440d100] ref P L0: 75.2% 10.7%  9.9%  4.2%
[libx264 @ 0x56378440d100] ref B L0: 87.7%  9.6%  2.7%
[libx264 @ 0x56378440d100] ref B L1: 97.2%  2.8%
[libx264 @ 0x56378440d100] kb/s:590.18
