ffmpeg version 4.2.7-0ubuntu0.1 Copyright (c) 2000-2022 the FFmpeg developers
  built with gcc 9 (Ubuntu 9.4.0-1ubuntu1~20.04.1)
  configuration: --prefix=/usr --extra-version=0ubuntu0.1 --toolchain=hardened --libdir=/usr/lib/x86_64-linux-gnu --incdir=/usr/include/x86_64-linux-gnu --arch=amd64 --enable-gpl --disable-stripping --enable-avresample --disable-filter=resample --enable-avisynth --enable-gnutls --enable-ladspa --enable-libaom --enable-libass --enable-libbluray --enable-libbs2b --enable-libcaca --enable-libcdio --enable-libcodec2 --enable-libflite --enable-libfontconfig --enable-libfreetype --enable-libfribidi --enable-libgme --enable-libgsm --enable-libjack --enable-libmp3lame --enable-libmysofa --enable-libopenjpeg --enable-libopenmpt --enable-libopus --enable-libpulse --enable-librsvg --enable-librubberband --enable-libshine --enable-libsnappy --enable-libsoxr --enable-libspeex --enable-libssh --enable-libtheora --enable-libtwolame --enable-libvidstab --enable-libvorbis --enable-libvpx --enable-libwavpack --enable-libwebp --enable-libx265 --enable-libxml2 --enable-libxvid --enable-libzmq --enable-libzvbi --enable-lv2 --enable-omx --enable-openal --enable-opencl --enable-opengl --enable-sdl2 --enable-libdc1394 --enable-libdrm --enable-libiec61883 --enable-nvenc --enable-chromaprint --enable-frei0r --enable-libx264 --enable-shared
  libavutil      56. 31.100 / 56. 31.100
  libavcodec     58. 54.100 / 58. 54.100
  libavformat    58. 29.100 / 58. 29.100
  libavdevice    58.  8.100 / 58.  8.100
  libavfilter     7. 57.100 /  7. 57.100
  libavresample   4.  0.  0 /  4.  0.  0
  libswscale      5.  5.100 /  5.  5.100
  libswresample   3.  5.100 /  3.  5.100
  libpostproc    55.  5.100 / 55.  5.100
Input #0, mov,mp4,m4a,3gp,3g2,mj2, from './policy_view_videos/18/exp_t=60.10_success:n.mp4':
  Metadata:
    major_brand     : isom
    minor_version   : 512
    compatible_brands: isomiso2mp41
    encoder         : Lavf58.29.100
  Duration: 00:00:23.27, start: 0.000000, bitrate: 3021 kb/s
    Stream #0:0(und): Video: mpeg4 (Simple Profile) (mp4v / 0x7634706D), yuv420p, 640x360 [SAR 1:1 DAR 16:9], 3020 kb/s, 30 fps, 30 tbr, 15360 tbn, 30 tbc (default)
    Metadata:
      handler_name    : VideoHandler
Stream mapping:
  Stream #0:0 -> #0:0 (mpeg4 (native) -> h264 (libx264))
[libx264 @ 0x5651054b5500] using SAR=1/1
[libx264 @ 0x5651054b5500] using cpu capabilities: MMX2 SSE2Fast SSSE3 SSE4.2 AVX FMA3 BMI2 AVX2
[libx264 @ 0x5651054b5500] profile High, level 3.0
[libx264 @ 0x5651054b5500] 264 - core 155 r2917 0a84d98 - H.264/MPEG-4 AVC codec - Copyleft 2003-2018 - http://www.videolan.org/x264.html - options: cabac=1 ref=3 deblock=1:0:0 analyse=0x3:0x113 me=hex subme=7 psy=1 psy_rd=1.00:0.00 mixed_ref=1 me_range=16 chroma_me=1 trellis=1 8x8dct=1 cqm=0 deadzone=21,11 fast_pskip=1 chroma_qp_offset=-2 threads=11 lookahead_threads=1 sliced_threads=0 nr=0 decimate=1 interlaced=0 bluray_compat=0 constrained_intra=0 bframes=3 b_pyramid=2 b_adapt=1 b_bias=0 direct=1 weightb=1 open_gop=0 weightp=2 keyint=250 keyint_min=25 scenecut=40 intra_refresh=0 rc_lookahead=40 rc=crf mbtree=1 crf=23.0 qcomp=0.60 qpmin=0 qpmax=69 qpstep=4 ip_ratio=1.40 aq=1:1.00
Output #0, mp4, to './policy_view_videos/18/exp_t=60.10_success:n_converted.mp4':
  Metadata:
    major_brand     : isom
    minor_version   : 512
    compatible_brands: isomiso2mp41
    encoder         : Lavf58.29.100
    Stream #0:0(und): Video: h264 (libx264) (avc1 / 0x31637661), yuv420p, 640x360 [SAR 1:1 DAR 16:9], q=-1--1, 30 fps, 15360 tbn, 30 tbc (default)
    Metadata:
      handler_name    : VideoHandler
      encoder         : Lavc58.54.100 libx264
    Side data:
      cpb: bitrate max/min/avg: 0/0/0 buffer size: 0 vbv_delay: -1
frame=  272 fps=0.0 q=29.0 size=     512kB time=00:00:07.13 bitrate= 588.0kbits/s speed=14.1x    frame=  525 fps=521 q=29.0 size=    1024kB time=00:00:15.56 bitrate= 538.9kbits/s speed=15.4x    [mp4 @ 0x5651054c55c0] Starting second pass: moving the moov atom to the beginning of the file
frame=  698 fps=482 q=-1.0 Lsize=    1820kB time=00:00:23.16 bitrate= 643.7kbits/s speed=  16x    
video:1813kB audio:0kB subtitle:0kB other streams:0kB global headers:0kB muxing overhead: 0.406163%
[libx264 @ 0x5651054b5500] frame I:3     Avg QP:21.42  size: 34300
[libx264 @ 0x5651054b5500] frame P:386   Avg QP:23.63  size:  3920
[libx264 @ 0x5651054b5500] frame B:309   Avg QP:27.73  size:   776
[libx264 @ 0x5651054b5500] consecutive B-frames: 36.2%  8.6% 16.8% 38.4%
[libx264 @ 0x5651054b5500] mb I  I16..4:  5.2% 74.3% 20.4%
[libx264 @ 0x5651054b5500] mb P  I16..4:  0.2%  1.5%  0.2%  P16..4: 34.9%  9.2%  8.9%  0.0%  0.0%    skip:45.1%
[libx264 @ 0x5651054b5500] mb B  I16..4:  0.1%  0.6%  0.0%  B16..8: 26.8%  2.9%  1.0%  direct: 0.8%  skip:67.8%  L0:41.8% L1:52.8% BI: 5.3%
[libx264 @ 0x5651054b5500] 8x8 transform intra:76.4% inter:70.0%
[libx264 @ 0x5651054b5500] coded y,uvDC,uvAC intra: 64.5% 56.3% 13.2% inter: 12.7% 10.0% 0.9%
[libx264 @ 0x5651054b5500] i16 v,h,dc,p: 16% 22% 34% 28%
[libx264 @ 0x5651054b5500] i8 v,h,dc,ddl,ddr,vr,hd,vl,hu: 14% 15% 46%  4%  4%  4%  4%  3%  6%
[libx264 @ 0x5651054b5500] i4 v,h,dc,ddl,ddr,vr,hd,vl,hu: 12% 15% 15%  8% 12% 11% 12%  5% 10%
[libx264 @ 0x5651054b5500] i8c dc,h,v,p: 54% 24% 19%  3%
[libx264 @ 0x5651054b5500] Weighted P-Frames: Y:0.0% UV:0.0%
[libx264 @ 0x5651054b5500] ref P L0: 70.4% 11.4% 12.7%  5.5%
[libx264 @ 0x5651054b5500] ref B L0: 87.5%  9.4%  3.1%
[libx264 @ 0x5651054b5500] ref B L1: 96.6%  3.4%
[libx264 @ 0x5651054b5500] kb/s:638.15
