ffmpeg version 4.2.7-0ubuntu0.1 Copyright (c) 2000-2022 the FFmpeg developers
  built with gcc 9 (Ubuntu 9.4.0-1ubuntu1~20.04.1)
  configuration: --prefix=/usr --extra-version=0ubuntu0.1 --toolchain=hardened --libdir=/usr/lib/x86_64-linux-gnu --incdir=/usr/include/x86_64-linux-gnu --arch=amd64 --enable-gpl --disable-stripping --enable-avresample --disable-filter=resample --enable-avisynth --enable-gnutls --enable-ladspa --enable-libaom --enable-libass --enable-libbluray --enable-libbs2b --enable-libcaca --enable-libcdio --enable-libcodec2 --enable-libflite --enable-libfontconfig --enable-libfreetype --enable-libfribidi --enable-libgme --enable-libgsm --enable-libjack --enable-libmp3lame --enable-libmysofa --enable-libopenjpeg --enable-libopenmpt --enable-libopus --enable-libpulse --enable-librsvg --enable-librubberband --enable-libshine --enable-libsnappy --enable-libsoxr --enable-libspeex --enable-libssh --enable-libtheora --enable-libtwolame --enable-libvidstab --enable-libvorbis --enable-libvpx --enable-libwavpack --enable-libwebp --enable-libx265 --enable-libxml2 --enable-libxvid --enable-libzmq --enable-libzvbi --enable-lv2 --enable-omx --enable-openal --enable-opencl --enable-opengl --enable-sdl2 --enable-libdc1394 --enable-libdrm --enable-libiec61883 --enable-nvenc --enable-chromaprint --enable-frei0r --enable-libx264 --enable-shared
  libavutil      56. 31.100 / 56. 31.100
  libavcodec     58. 54.100 / 58. 54.100
  libavformat    58. 29.100 / 58. 29.100
  libavdevice    58.  8.100 / 58.  8.100
  libavfilter     7. 57.100 /  7. 57.100
  libavresample   4.  0.  0 /  4.  0.  0
  libswscale      5.  5.100 /  5.  5.100
  libswresample   3.  5.100 /  3.  5.100
  libpostproc    55.  5.100 / 55.  5.100
Input #0, mov,mp4,m4a,3gp,3g2,mj2, from './policy_view_videos/6_2/exp_t=11.03_success:y.mp4':
  Metadata:
    major_brand     : isom
    minor_version   : 512
    compatible_brands: isomiso2mp41
    encoder         : Lavf58.29.100
  Duration: 00:00:04.80, start: 0.000000, bitrate: 2455 kb/s
    Stream #0:0(und): Video: mpeg4 (Simple Profile) (mp4v / 0x7634706D), yuv420p, 640x360 [SAR 1:1 DAR 16:9], 2452 kb/s, 30 fps, 30 tbr, 15360 tbn, 30 tbc (default)
    Metadata:
      handler_name    : VideoHandler
Stream mapping:
  Stream #0:0 -> #0:0 (mpeg4 (native) -> h264 (libx264))
[libx264 @ 0x5641c58312c0] using SAR=1/1
[libx264 @ 0x5641c58312c0] using cpu capabilities: MMX2 SSE2Fast SSSE3 SSE4.2 AVX FMA3 BMI2 AVX2
[libx264 @ 0x5641c58312c0] profile High, level 3.0
[libx264 @ 0x5641c58312c0] 264 - core 155 r2917 0a84d98 - H.264/MPEG-4 AVC codec - Copyleft 2003-2018 - http://www.videolan.org/x264.html - options: cabac=1 ref=3 deblock=1:0:0 analyse=0x3:0x113 me=hex subme=7 psy=1 psy_rd=1.00:0.00 mixed_ref=1 me_range=16 chroma_me=1 trellis=1 8x8dct=1 cqm=0 deadzone=21,11 fast_pskip=1 chroma_qp_offset=-2 threads=11 lookahead_threads=1 sliced_threads=0 nr=0 decimate=1 interlaced=0 bluray_compat=0 constrained_intra=0 bframes=3 b_pyramid=2 b_adapt=1 b_bias=0 direct=1 weightb=1 open_gop=0 weightp=2 keyint=250 keyint_min=25 scenecut=40 intra_refresh=0 rc_lookahead=40 rc=crf mbtree=1 crf=23.0 qcomp=0.60 qpmin=0 qpmax=69 qpstep=4 ip_ratio=1.40 aq=1:1.00
Output #0, mp4, to './policy_view_videos/6_2/exp_t=11.03_success:y_converted.mp4':
  Metadata:
    major_brand     : isom
    minor_version   : 512
    compatible_brands: isomiso2mp41
    encoder         : Lavf58.29.100
    Stream #0:0(und): Video: h264 (libx264) (avc1 / 0x31637661), yuv420p, 640x360 [SAR 1:1 DAR 16:9], q=-1--1, 30 fps, 15360 tbn, 30 tbc (default)
    Metadata:
      handler_name    : VideoHandler
      encoder         : Lavc58.54.100 libx264
    Side data:
      cpb: bitrate max/min/avg: 0/0/0 buffer size: 0 vbv_delay: -1
[mp4 @ 0x5641c5833180] Starting second pass: moving the moov atom to the beginning of the file
frame=  144 fps=0.0 q=-1.0 Lsize=     358kB time=00:00:04.70 bitrate= 624.3kbits/s speed=14.4x    
video:356kB audio:0kB subtitle:0kB other streams:0kB global headers:0kB muxing overhead: 0.551835%
[libx264 @ 0x5641c58312c0] frame I:1     Avg QP:22.89  size: 24612
[libx264 @ 0x5641c58312c0] frame P:101   Avg QP:23.58  size:  3060
[libx264 @ 0x5641c58312c0] frame B:42    Avg QP:27.14  size:   725
[libx264 @ 0x5641c58312c0] consecutive B-frames: 56.9%  9.7%  8.3% 25.0%
[libx264 @ 0x5641c58312c0] mb I  I16..4: 11.8% 84.1%  4.0%
[libx264 @ 0x5641c58312c0] mb P  I16..4:  0.3%  1.7%  0.1%  P16..4: 33.0%  7.0%  6.9%  0.0%  0.0%    skip:50.9%
[libx264 @ 0x5641c58312c0] mb B  I16..4:  0.3%  1.0%  0.1%  B16..8: 25.4%  2.3%  0.8%  direct: 0.6%  skip:69.5%  L0:41.9% L1:53.4% BI: 4.7%
[libx264 @ 0x5641c58312c0] 8x8 transform intra:79.3% inter:72.4%
[libx264 @ 0x5641c58312c0] coded y,uvDC,uvAC intra: 60.5% 54.6% 8.4% inter: 12.8% 10.4% 0.7%
[libx264 @ 0x5641c58312c0] i16 v,h,dc,p: 17% 24% 36% 23%
[libx264 @ 0x5641c58312c0] i8 v,h,dc,ddl,ddr,vr,hd,vl,hu: 16% 17% 44%  3%  4%  4%  4%  2%  5%
[libx264 @ 0x5641c58312c0] i4 v,h,dc,ddl,ddr,vr,hd,vl,hu: 17% 16% 15%  7% 10% 10% 10%  6% 10%
[libx264 @ 0x5641c58312c0] i8c dc,h,v,p: 51% 25% 21%  2%
[libx264 @ 0x5641c58312c0] Weighted P-Frames: Y:0.0% UV:0.0%
[libx264 @ 0x5641c58312c0] ref P L0: 74.1% 11.5% 10.4%  3.9%
[libx264 @ 0x5641c58312c0] ref B L0: 89.5%  7.5%  3.0%
[libx264 @ 0x5641c58312c0] ref B L1: 97.2%  2.8%
[libx264 @ 0x5641c58312c0] kb/s:606.82
